// Jest Snapshot v1, https://goo.gl/fbAQLP

exports[`Tests in AddCategory It must be displayed correctly 1`] = `
<form
  onSubmit={[Function]}
>
  <p />
  <input
    onChange={[Function]}
    placeholder="¿Qué quieres ver hoy?"
    type="text"
    value=""
  />
</form>
`;
