// Jest Snapshot v1, https://goo.gl/fbAQLP

exports[`Tests in GifGridItem The component must be displayed correctly 1`] = `
<div
  className="card animate__animated animate__fadeInUp"
>
  <img
    alt="Un título"
    src="https://localhost/algo.jpg"
  />
  <p>
    Un título
  </p>
</div>
`;
